2026-05-23 02:00:03 [git] From https://github.com/hintime/cs2-dashboard
 * branch            main       -> FETCH_HEAD
2026-05-23 12:21:28 [git]  rebase-merge directory, and
I wonder if you are in the middle of another rebase.  If that is the
case, please try
	git rebase (--continue | --abort | --skip)
If that is not the case, please
	rm -fr ".git/rebase-merge"
and run me again.  I am stopping in case you still have something
valuable there.
2026-05-23 12:27:09 [update.py] com blocked by hosts file (127.0.0.1), skipping
[MARKET] Skipped (steamcommunity.com blocked by hosts file)
[SCAN] Total: 37054, Valid: 8793
[SCAN] Saved: 8793 items (from 37054), 8456 with prices, 4 categories, movers: True
[SCAN] market_scan.json regenerated
[CORR] Loading price_history.json...
[CORR] 3325 items × 7 days
[CORR] Computing correlations for 300 items...
[CORR] Saved 200 pairs (182 pos, 18 neg) in 1.1s
[REPORT] Saved daily report for 2026-05-23
[STATUS] Summary generated: 7 fields
2026-05-23 12:27:09 [update.py ERR] , 'credential.helper=manager', '-c', 'http.sslBackend=openssl', '-c', 'http.sslVerify=false', 'push'], check=True, cwd=DATA_DIR, env=git_env, creationflags=cf)
  File "C:\Users\Lenovo\AppData\Local\Programs\Python\Python312\Lib\subprocess.py", line 571, in run
    raise CalledProcessError(retcode, process.args,
subprocess.CalledProcessError: Command '['git', '-c', 'credential.helper=manager', '-c', 'http.sslBackend=openssl', '-c', 'http.sslVerify=false', 'push']' returned non-zero exit status 1.
2026-05-23 13:00:03 [git] From https://github.com/hintime/cs2-dashboard
 * branch            main       -> FETCH_HEAD
2026-05-23 13:05:43 [update.py] gories, movers: True
[SCAN] market_scan.json regenerated
[CORR] Loading price_history.json...
[CORR] 3324 items × 7 days
[CORR] Computing correlations for 300 items...
[CORR] Saved 200 pairs (169 pos, 31 neg) in 1.0s
[REPORT] Saved daily report for 2026-05-23
[STATUS] Summary generated: 7 fields
[OK] Git pushed: chore: update correlation_data.json, daily_report.json, data_status.json, eco_tracked.json, holdings.json, market.json, market_scan.json, price_history.json 2026-05-23 13:05
=== Done ===
2026-05-23 14:00:03 [git] From https://github.com/hintime/cs2-dashboard
 * branch            main       -> FETCH_HEAD
2026-05-23 14:05:40 [update.py] gories, movers: True
[SCAN] market_scan.json regenerated
[CORR] Loading price_history.json...
[CORR] 3324 items × 7 days
[CORR] Computing correlations for 300 items...
[CORR] Saved 200 pairs (172 pos, 28 neg) in 1.3s
[REPORT] Saved daily report for 2026-05-23
[STATUS] Summary generated: 7 fields
[OK] Git pushed: chore: update correlation_data.json, daily_report.json, data_status.json, eco_tracked.json, holdings.json, market.json, market_scan.json, price_history.json 2026-05-23 14:05
=== Done ===
2026-05-23 15:00:51 [git] From https://github.com/hintime/cs2-dashboard
 * branch            main       -> FETCH_HEAD
   54875b0..19e9a76  main       -> origin/main
2026-05-23 15:06:12 [update.py] gories, movers: True
[SCAN] market_scan.json regenerated
[CORR] Loading price_history.json...
[CORR] 3325 items × 7 days
[CORR] Computing correlations for 300 items...
[CORR] Saved 200 pairs (173 pos, 27 neg) in 1.0s
[REPORT] Saved daily report for 2026-05-23
[STATUS] Summary generated: 7 fields
[OK] Git pushed: chore: update correlation_data.json, daily_report.json, data_status.json, eco_tracked.json, holdings.json, market.json, market_scan.json, price_history.json 2026-05-23 15:06
=== Done ===
2026-05-23 16:00:03 [git] From https://github.com/hintime/cs2-dashboard
 * branch            main       -> FETCH_HEAD
2026-05-23 16:05:38 [update.py] gories, movers: True
[SCAN] market_scan.json regenerated
[CORR] Loading price_history.json...
[CORR] 3328 items × 7 days
[CORR] Computing correlations for 300 items...
[CORR] Saved 200 pairs (179 pos, 21 neg) in 1.0s
[REPORT] Saved daily report for 2026-05-23
[STATUS] Summary generated: 7 fields
[OK] Git pushed: chore: update correlation_data.json, daily_report.json, data_status.json, eco_tracked.json, holdings.json, market.json, market_scan.json, price_history.json 2026-05-23 16:05
=== Done ===
2026-05-23 17:00:04 [git] From https://github.com/hintime/cs2-dashboard
 * branch            main       -> FETCH_HEAD
2026-05-23 17:05:41 [update.py] gories, movers: True
[SCAN] market_scan.json regenerated
[CORR] Loading price_history.json...
[CORR] 3328 items × 7 days
[CORR] Computing correlations for 300 items...
[CORR] Saved 200 pairs (179 pos, 21 neg) in 1.3s
[REPORT] Saved daily report for 2026-05-23
[STATUS] Summary generated: 7 fields
[OK] Git pushed: chore: update correlation_data.json, daily_report.json, data_status.json, eco_tracked.json, holdings.json, market.json, market_scan.json, price_history.json 2026-05-23 17:05
=== Done ===
2026-05-23 18:00:03 [git] From https://github.com/hintime/cs2-dashboard
 * branch            main       -> FETCH_HEAD
2026-05-23 18:07:05 [update.py] .com blocked by hosts file (127.0.0.1), skipping
[MARKET] Skipped (steamcommunity.com blocked by hosts file)
[SCAN] Total: 37092, Valid: 8793
[SCAN] Saved: 8793 items (from 37092), 8463 with prices, 4 categories, movers: True
[SCAN] market_scan.json regenerated
[CORR] Loading price_history.json...
[CORR] 3328 items × 7 days
[CORR] Computing correlations for 300 items...
[CORR] Saved 200 pairs (30 pos, 20 neg) in 1.0s
[REPORT] Saved daily report for 2026-05-23
[STATUS] Summary generated: 7 fields
2026-05-23 18:07:05 [update.py ERR] , 'credential.helper=manager', '-c', 'http.sslBackend=openssl', '-c', 'http.sslVerify=false', 'push'], check=True, cwd=DATA_DIR, env=git_env, creationflags=cf)
  File "C:\Users\Lenovo\AppData\Local\Programs\Python\Python312\Lib\subprocess.py", line 571, in run
    raise CalledProcessError(retcode, process.args,
subprocess.CalledProcessError: Command '['git', '-c', 'credential.helper=manager', '-c', 'http.sslBackend=openssl', '-c', 'http.sslVerify=false', 'push']' returned non-zero exit status 1.
2026-05-23 19:00:04 [git] From https://github.com/hintime/cs2-dashboard
 * branch            main       -> FETCH_HEAD
2026-05-23 19:05:58 [update.py] egories, movers: True
[SCAN] market_scan.json regenerated
[CORR] Loading price_history.json...
[CORR] 3328 items × 7 days
[CORR] Computing correlations for 300 items...
[CORR] Saved 200 pairs (30 pos, 21 neg) in 1.9s
[REPORT] Saved daily report for 2026-05-23
[STATUS] Summary generated: 7 fields
[OK] Git pushed: chore: update correlation_data.json, daily_report.json, data_status.json, eco_tracked.json, holdings.json, market.json, market_scan.json, price_history.json 2026-05-23 19:05
=== Done ===
2026-05-23 20:01:25 [git] From https://github.com/hintime/cs2-dashboard
 * branch            main       -> FETCH_HEAD
   d1416fe..d9b387c  main       -> origin/main
2026-05-23 20:07:29 [update.py] egories, movers: True
[SCAN] market_scan.json regenerated
[CORR] Loading price_history.json...
[CORR] 3328 items × 7 days
[CORR] Computing correlations for 300 items...
[CORR] Saved 200 pairs (30 pos, 19 neg) in 2.0s
[REPORT] Saved daily report for 2026-05-23
[STATUS] Summary generated: 7 fields
[OK] Git pushed: chore: update correlation_data.json, daily_report.json, data_status.json, eco_tracked.json, holdings.json, market.json, market_scan.json, price_history.json 2026-05-23 20:07
=== Done ===
2026-05-23 21:00:09 [git] From https://github.com/hintime/cs2-dashboard
 * branch            main       -> FETCH_HEAD
2026-05-23 21:06:44 [update.py] egories, movers: True
[SCAN] market_scan.json regenerated
[CORR] Loading price_history.json...
[CORR] 3328 items × 7 days
[CORR] Computing correlations for 300 items...
[CORR] Saved 200 pairs (30 pos, 19 neg) in 2.1s
[REPORT] Saved daily report for 2026-05-23
[STATUS] Summary generated: 7 fields
[OK] Git pushed: chore: update correlation_data.json, daily_report.json, data_status.json, eco_tracked.json, holdings.json, market.json, market_scan.json, price_history.json 2026-05-23 21:05
=== Done ===
2026-05-23 22:02:48 [git] From https://github.com/hintime/cs2-dashboard
 * branch            main       -> FETCH_HEAD
   9dad954..44654bf  main       -> origin/main
2026-05-23 22:09:17 [update.py] egories, movers: True
[SCAN] market_scan.json regenerated
[CORR] Loading price_history.json...
[CORR] 3328 items × 7 days
[CORR] Computing correlations for 300 items...
[CORR] Saved 200 pairs (30 pos, 19 neg) in 2.0s
[REPORT] Saved daily report for 2026-05-23
[STATUS] Summary generated: 7 fields
[OK] Git pushed: chore: update correlation_data.json, daily_report.json, data_status.json, eco_tracked.json, holdings.json, market.json, market_scan.json, price_history.json 2026-05-23 22:08
=== Done ===
2026-05-23 22:09:17 [update.py ERR] [WARN] Git sync failed: Command '['git', '-c', 'credential.helper=', 'pull', '--rebase', 'origin', 'main']' returned non-zero exit status 1.
2026-05-23 23:00:09 [git] From https://github.com/hintime/cs2-dashboard
 * branch            main       -> FETCH_HEAD
   7ef00da..e9010f6  main       -> origin/main
2026-05-23 23:05:59 [update.py] egories, movers: True
[SCAN] market_scan.json regenerated
[CORR] Loading price_history.json...
[CORR] 3328 items × 7 days
[CORR] Computing correlations for 300 items...
[CORR] Saved 200 pairs (30 pos, 18 neg) in 2.8s
[REPORT] Saved daily report for 2026-05-23
[STATUS] Summary generated: 7 fields
[OK] Git pushed: chore: update correlation_data.json, daily_report.json, data_status.json, eco_tracked.json, holdings.json, market.json, market_scan.json, price_history.json 2026-05-23 23:05
=== Done ===
2026-05-24 00:00:05 [git] From https://github.com/hintime/cs2-dashboard
 * branch            main       -> FETCH_HEAD
2026-05-24 00:05:55 [update.py] egories, movers: True
[SCAN] market_scan.json regenerated
[CORR] Loading price_history.json...
[CORR] 3328 items × 7 days
[CORR] Computing correlations for 300 items...
[CORR] Saved 200 pairs (30 pos, 18 neg) in 2.2s
[REPORT] Saved daily report for 2026-05-24
[STATUS] Summary generated: 7 fields
[OK] Git pushed: chore: update correlation_data.json, daily_report.json, data_status.json, eco_tracked.json, holdings.json, market.json, market_scan.json, price_history.json 2026-05-24 00:05
=== Done ===
2026-05-24 13:29:35 [git] From https://github.com/hintime/cs2-dashboard
 * branch            main       -> FETCH_HEAD
   3283396..3bebaf7  main       -> origin/main
2026-05-24 13:35:00 [update.py] .com blocked by hosts file (127.0.0.1), skipping
[MARKET] Skipped (steamcommunity.com blocked by hosts file)
[SCAN] Total: 37139, Valid: 8793
[SCAN] Saved: 8793 items (from 37139), 8453 with prices, 4 categories, movers: True
[SCAN] market_scan.json regenerated
[CORR] Loading price_history.json...
[CORR] 3339 items × 8 days
[CORR] Computing correlations for 300 items...
[CORR] Saved 200 pairs (30 pos, 12 neg) in 1.1s
[REPORT] Saved daily report for 2026-05-24
[STATUS] Summary generated: 7 fields
2026-05-24 13:35:00 [update.py ERR] , 'credential.helper=manager', '-c', 'http.sslBackend=openssl', '-c', 'http.sslVerify=false', 'push'], check=True, cwd=DATA_DIR, env=git_env, creationflags=cf)
  File "C:\Users\Lenovo\AppData\Local\Programs\Python\Python312\Lib\subprocess.py", line 571, in run
    raise CalledProcessError(retcode, process.args,
subprocess.CalledProcessError: Command '['git', '-c', 'credential.helper=manager', '-c', 'http.sslBackend=openssl', '-c', 'http.sslVerify=false', 'push']' returned non-zero exit status 1.
2026-05-24 14:00:04 [git] From https://github.com/hintime/cs2-dashboard
 * branch            main       -> FETCH_HEAD
2026-05-24 14:05:37 [update.py] egories, movers: True
[SCAN] market_scan.json regenerated
[CORR] Loading price_history.json...
[CORR] 3339 items × 8 days
[CORR] Computing correlations for 300 items...
[CORR] Saved 200 pairs (30 pos, 13 neg) in 1.4s
[REPORT] Saved daily report for 2026-05-24
[STATUS] Summary generated: 7 fields
[OK] Git pushed: chore: update correlation_data.json, daily_report.json, data_status.json, eco_tracked.json, holdings.json, market.json, market_scan.json, price_history.json 2026-05-24 14:05
=== Done ===
2026-05-25 01:05:48 [update.py] egories, movers: True
[SCAN] market_scan.json regenerated
[CORR] Loading price_history.json...
[CORR] 3340 items × 8 days
[CORR] Computing correlations for 300 items...
[CORR] Saved 200 pairs (30 pos, 11 neg) in 1.5s
[REPORT] Saved daily report for 2026-05-25
[STATUS] Summary generated: 7 fields
[OK] Git pushed: chore: update correlation_data.json, daily_report.json, data_status.json, eco_tracked.json, holdings.json, market.json, market_scan.json, price_history.json 2026-05-25 01:05
=== Done ===
2026-05-25 01:05:48 [update.py ERR] [NAME] name_map generation skipped: cannot access local variable 'json' where it is not associated with a value
2026-05-25 02:05:35 [update.py] egories, movers: True
[SCAN] market_scan.json regenerated
[CORR] Loading price_history.json...
[CORR] 3340 items × 8 days
[CORR] Computing correlations for 300 items...
[CORR] Saved 200 pairs (30 pos, 11 neg) in 1.7s
[REPORT] Saved daily report for 2026-05-25
[STATUS] Summary generated: 7 fields
[OK] Git pushed: chore: update correlation_data.json, daily_report.json, data_status.json, eco_tracked.json, holdings.json, market.json, market_scan.json, price_history.json 2026-05-25 02:05
=== Done ===
2026-05-25 02:05:35 [update.py ERR] [NAME] name_map generation skipped: cannot access local variable 'json' where it is not associated with a value
2026-05-28 01:06:27 [update.py] .com blocked by hosts file (127.0.0.1), skipping
[MARKET] Skipped (steamcommunity.com blocked by hosts file)
[SCAN] Total: 37312, Valid: 8793
[SCAN] Saved: 8793 items (from 37312), 8449 with prices, 4 categories, movers: True
[SCAN] market_scan.json regenerated
[CORR] Loading price_history.json...
[CORR] 4298 items × 11 days
[CORR] Computing correlations for 298 items...
[CORR] Saved 200 pairs (30 pos, 2 neg) in 1.4s
[REPORT] Saved daily report for 2026-05-28
[STATUS] Summary generated: 7 fields
2026-05-28 01:06:27 [update.py ERR] , 'credential.helper=manager', '-c', 'http.sslBackend=openssl', '-c', 'http.sslVerify=false', 'push'], check=True, cwd=DATA_DIR, env=git_env, creationflags=cf)
  File "C:\Users\Lenovo\AppData\Local\Programs\Python\Python312\Lib\subprocess.py", line 571, in run
    raise CalledProcessError(retcode, process.args,
subprocess.CalledProcessError: Command '['git', '-c', 'credential.helper=manager', '-c', 'http.sslBackend=openssl', '-c', 'http.sslVerify=false', 'push']' returned non-zero exit status 1.
2026-05-28 02:05:56 [update.py] .com blocked by hosts file (127.0.0.1), skipping
[MARKET] Skipped (steamcommunity.com blocked by hosts file)
[SCAN] Total: 37315, Valid: 8793
[SCAN] Saved: 8793 items (from 37315), 8443 with prices, 4 categories, movers: True
[SCAN] market_scan.json regenerated
[CORR] Loading price_history.json...
[CORR] 4301 items × 11 days
[CORR] Computing correlations for 298 items...
[CORR] Saved 200 pairs (30 pos, 6 neg) in 2.2s
[REPORT] Saved daily report for 2026-05-28
[STATUS] Summary generated: 7 fields
2026-05-28 02:05:56 [update.py ERR] , 'credential.helper=manager', '-c', 'http.sslBackend=openssl', '-c', 'http.sslVerify=false', 'push'], check=True, cwd=DATA_DIR, env=git_env, creationflags=cf)
  File "C:\Users\Lenovo\AppData\Local\Programs\Python\Python312\Lib\subprocess.py", line 571, in run
    raise CalledProcessError(retcode, process.args,
subprocess.CalledProcessError: Command '['git', '-c', 'credential.helper=manager', '-c', 'http.sslBackend=openssl', '-c', 'http.sslVerify=false', 'push']' returned non-zero exit status 1.
